// Jest Snapshot v1, https://goo.gl/fbAQLP

exports[`<SelectedPokemon /> matches snapshot 1`] = `"<div><h2>Congrats!</h2><h3>You have selected !</h3><img></div>"`;
