// Jest Snapshot v1, https://goo.gl/fbAQLP

exports[`cheeck the Welcome should check the welcome structure 1`] = `ReactWrapper {}`;
